../Core/Src/main.c:90:5:main	24	static
../Core/Src/main.c:149:6:SystemClock_Config	88	static
../Core/Src/main.c:190:13:MX_ADC1_Init	24	static
../Core/Src/main.c:249:13:MX_TIM6_Init	24	static
../Core/Src/main.c:287:13:MX_USART2_UART_Init	8	static
../Core/Src/main.c:335:13:MX_GPIO_Init	48	static
../Core/Src/main.c:368:6:init_1ms_counter	8	static
../Core/Src/main.c:377:6:elapsed_1ms	8	static
../Core/Src/main.c:381:6:reset_1ms_counter	8	static
../Core/Src/main.c:385:10:input	8	static
../Core/Src/main.c:392:6:output	40	static
../Core/Src/main.c:405:6:Error_Handler	8	static,ignoring_inline_asm
