../Core/Src/main.c:146:5:main	16	static
../Core/Src/main.c:548:6:SystemClock_Config	88	static
../Core/Src/main.c:589:13:MX_ADC1_Init	24	static
../Core/Src/main.c:648:13:MX_TIM6_Init	24	static
../Core/Src/main.c:686:13:MX_USART2_UART_Init	8	static
../Core/Src/main.c:734:13:MX_GPIO_Init	48	static
../Core/Src/main.c:767:6:init_loop_counter	8	static
../Core/Src/main.c:776:6:loop_triggered	8	static
../Core/Src/main.c:780:6:reset_loop_counter	8	static
../Core/Src/main.c:784:10:input	16	static
../Core/Src/main.c:795:6:output	16	static
../Core/Src/main.c:810:6:Error_Handler	8	static,ignoring_inline_asm
