../Core/Inc/nanoprintf.h:287:12:npf_max	16	static
../Core/Inc/nanoprintf.h:289:5:npf_parse_format_spec	24	static
../Core/Inc/nanoprintf.h:469:5:npf_itoa_rev	24	static
../Core/Inc/nanoprintf.h:476:5:npf_utoa_rev	32	static
../Core/Inc/nanoprintf.h:496:5:npf_fsplit_abs	240	static
../Core/Inc/nanoprintf.h:566:5:npf_ftoa_rev	80	static
../Core/Inc/nanoprintf.h:647:6:npf_bufputc	24	static
../Core/Inc/nanoprintf.h:652:6:npf_bufputc_nop	16	static
../Core/Inc/nanoprintf.h:660:13:npf_putc_cnt	24	static
../Core/Inc/nanoprintf.h:674:5:npf_vpprintf	168	static
../Core/Inc/nanoprintf.h:1002:5:npf_pprintf	24	static
../Core/Inc/nanoprintf.h:1010:5:npf_snprintf	24	static
../Core/Inc/nanoprintf.h:1018:5:npf_vsnprintf	48	static
../Core/Src/main.c:93:5:main	2936	static
../Core/Src/main.c:280:6:SystemClock_Config	96	static
../Core/Src/main.c:326:13:MX_ADC1_Init	48	static
../Core/Src/main.c:392:13:MX_TIM6_Init	24	static
../Core/Src/main.c:430:13:MX_USART2_UART_Init	8	static
../Core/Src/main.c:463:13:MX_DMA_Init	16	static
../Core/Src/main.c:484:13:MX_GPIO_Init	48	static
../Core/Src/main.c:517:10:max_index	24	static
../Core/Src/main.c:531:9:rounded	24	static
../Core/Src/main.c:547:6:DMATransferComplete	16	static
../Core/Src/main.c:552:6:HAL_TIM_PeriodElapsedCallback	16	static
../Core/Src/main.c:563:6:Error_Handler	4	static,ignoring_inline_asm
