../Core/Src/main.c:146:5:main	16	static
../Core/Src/main.c:563:6:SystemClock_Config	88	static
../Core/Src/main.c:604:13:MX_ADC1_Init	24	static
../Core/Src/main.c:663:13:MX_TIM6_Init	24	static
../Core/Src/main.c:701:13:MX_USART2_UART_Init	8	static
../Core/Src/main.c:749:13:MX_GPIO_Init	48	static
../Core/Src/main.c:785:6:init_loop_counter	8	static
../Core/Src/main.c:794:6:loop_triggered	8	static
../Core/Src/main.c:798:6:reset_loop_counter	8	static
../Core/Src/main.c:802:10:input	16	static
../Core/Src/main.c:813:6:output	16	static
../Core/Src/main.c:823:6:Error_Handler	8	static,ignoring_inline_asm
