../Core/Src/main.c:143:5:main	24	static
../Core/Src/main.c:550:6:SystemClock_Config	88	static
../Core/Src/main.c:591:13:MX_ADC1_Init	24	static
../Core/Src/main.c:650:13:MX_TIM6_Init	24	static
../Core/Src/main.c:688:13:MX_USART2_UART_Init	8	static
../Core/Src/main.c:736:13:MX_GPIO_Init	48	static
../Core/Src/main.c:769:6:init_loop_counter	8	static
../Core/Src/main.c:778:6:loop_triggered	8	static
../Core/Src/main.c:782:6:reset_loop_counter	8	static
../Core/Src/main.c:786:10:input	16	static
../Core/Src/main.c:797:6:output	40	static
../Core/Src/main.c:810:6:Error_Handler	8	static,ignoring_inline_asm
