../Core/Inc/nanoprintf.h:287:12:npf_max	16	static
../Core/Inc/nanoprintf.h:289:5:npf_parse_format_spec	24	static
../Core/Inc/nanoprintf.h:469:5:npf_itoa_rev	24	static
../Core/Inc/nanoprintf.h:476:5:npf_utoa_rev	32	static
../Core/Inc/nanoprintf.h:496:5:npf_fsplit_abs	240	static
../Core/Inc/nanoprintf.h:566:5:npf_ftoa_rev	80	static
../Core/Inc/nanoprintf.h:647:6:npf_bufputc	24	static
../Core/Inc/nanoprintf.h:652:6:npf_bufputc_nop	16	static
../Core/Inc/nanoprintf.h:660:13:npf_putc_cnt	24	static
../Core/Inc/nanoprintf.h:674:5:npf_vpprintf	168	static
../Core/Inc/nanoprintf.h:1002:5:npf_pprintf	24	static
../Core/Inc/nanoprintf.h:1010:5:npf_snprintf	24	static
../Core/Inc/nanoprintf.h:1018:5:npf_vsnprintf	48	static
../Core/Src/main.c:77:5:main	4352	static
../Core/Src/main.c:153:6:SystemClock_Config	96	static
../Core/Src/main.c:199:13:MX_ADC1_Init	48	static
../Core/Src/main.c:265:13:MX_TIM6_Init	24	static
../Core/Src/main.c:303:13:MX_USART2_UART_Init	8	static
../Core/Src/main.c:338:13:MX_GPIO_Init	48	static
../Core/Src/main.c:378:6:Error_Handler	4	static,ignoring_inline_asm
